<?xml version="1.0" encoding="utf-8"?>
<TestRun id="4bac04c6-c1d9-47d6-9a08-97e4c06d3acb" name="Administrador@NBK 2020-03-31 01:19:35" runUser="NBK\Administrador" xmlns="http://microsoft.com/schemas/VisualStudio/TeamTest/2010">
  <Times creation="2020-03-31T01:19:35.8402310-03:00" queuing="2020-03-31T01:19:35.8402310-03:00" start="2020-03-31T01:19:30.0058973-03:00" finish="2020-03-31T01:19:36.1292475-03:00" />
  <TestSettings name="default" id="fef97f2c-7942-4685-92bc-16bdfce52b3b">
    <Deployment runDeploymentRoot="Administrador_NBK_2020-03-31_01_19_35" />
  </TestSettings>
  <Results>
    <UnitTestResult executionId="39bcaeab-6e12-48e3-ad08-96ac23418f0b" testId="376b86d5-2424-23cc-8fdd-321e0727db31" testName="EjemploPruebasUnitariasXUnit.PaisControllerTest.GetLimitrofesPaisAsync_DevuelveArrayDeLimitrofesOrdenPoblacDesc_SiTieneLimitrofes(codPais3: &quot;arg&quot;)" computerName="NBK" duration="00:00:00.0232721" startTime="2020-03-31T01:19:35.6822219-03:00" endTime="2020-03-31T01:19:35.6822219-03:00" testType="13cdc9d9-ddb5-4fa4-a97d-d965ccfc6d4b" outcome="Passed" testListId="8c84fa94-04c1-424b-9868-57a2d4851a1d" relativeResultsDirectory="39bcaeab-6e12-48e3-ad08-96ac23418f0b" />
    <UnitTestResult executionId="3df779fd-d8ef-4757-8f16-a52b440f0452" testId="12314b3f-ce58-d4fb-d76b-a6f0bb4c2afa" testName="EjemploPruebasUnitariasXUnit.PaisControllerTest.GetLimitrofesPaisAsync_Devuelve400_SiCodPaisNoTiene3Caracteres(codPais3: &quot;ABDE&quot;)" computerName="NBK" duration="00:00:00.0017927" startTime="2020-03-31T01:19:35.7242243-03:00" endTime="2020-03-31T01:19:35.7242243-03:00" testType="13cdc9d9-ddb5-4fa4-a97d-d965ccfc6d4b" outcome="Passed" testListId="8c84fa94-04c1-424b-9868-57a2d4851a1d" relativeResultsDirectory="3df779fd-d8ef-4757-8f16-a52b440f0452" />
    <UnitTestResult executionId="a21ab123-2f3d-45f8-9d5a-fa4c43122b5c" testId="77884f32-9a15-7614-320e-936982ca90da" testName="EjemploPruebasUnitariasXUnit.PaisControllerTest.GetLimitrofesPaisAsync_Devuelve404_SiNoEncuentraPais" computerName="NBK" duration="00:00:00.0052398" startTime="2020-03-31T01:19:35.7402253-03:00" endTime="2020-03-31T01:19:35.7402253-03:00" testType="13cdc9d9-ddb5-4fa4-a97d-d965ccfc6d4b" outcome="Passed" testListId="8c84fa94-04c1-424b-9868-57a2d4851a1d" relativeResultsDirectory="a21ab123-2f3d-45f8-9d5a-fa4c43122b5c" />
    <UnitTestResult executionId="70c63499-2f8e-4caa-93c8-d2ca7dd3e814" testId="762ed558-d752-6cb7-4748-2199612b145b" testName="EjemploPruebasUnitariasXUnit.PaisControllerTest.GetLimitrofesPaisAsync_Devuelve400_SiCodPaisNoTiene3Caracteres(codPais3: &quot;AB&quot;)" computerName="NBK" duration="00:00:00.0070142" startTime="2020-03-31T01:19:35.7242243-03:00" endTime="2020-03-31T01:19:35.7242243-03:00" testType="13cdc9d9-ddb5-4fa4-a97d-d965ccfc6d4b" outcome="Passed" testListId="8c84fa94-04c1-424b-9868-57a2d4851a1d" relativeResultsDirectory="70c63499-2f8e-4caa-93c8-d2ca7dd3e814" />
    <UnitTestResult executionId="9250d568-b05f-4b3b-afd5-bf857b7c44e6" testId="c350e63d-d425-4dd5-b5cb-ce26a15a4061" testName="EjemploPruebasUnitariasXUnit.PaisControllerTest.GetLimitrofesPaisAsync_Devuelve400_SiNoIndicaCodigoPais3(codPais3: null)" computerName="NBK" duration="00:00:00.0014027" startTime="2020-03-31T01:19:35.5782160-03:00" endTime="2020-03-31T01:19:35.5782160-03:00" testType="13cdc9d9-ddb5-4fa4-a97d-d965ccfc6d4b" outcome="Passed" testListId="8c84fa94-04c1-424b-9868-57a2d4851a1d" relativeResultsDirectory="9250d568-b05f-4b3b-afd5-bf857b7c44e6" />
    <UnitTestResult executionId="8afb3042-d135-4f8b-aa88-dff6327114dc" testId="29c55d5e-b42f-275b-c007-033b09c34233" testName="EjemploPruebasUnitariasXUnit.PaisControllerTest.GetLimitrofesPaisAsync_Devuelve400_SiCodPaisNoTiene3Caracteres(codPais3: &quot;A&quot;)" computerName="NBK" duration="00:00:00.0018431" startTime="2020-03-31T01:19:35.7242243-03:00" endTime="2020-03-31T01:19:35.7242243-03:00" testType="13cdc9d9-ddb5-4fa4-a97d-d965ccfc6d4b" outcome="Passed" testListId="8c84fa94-04c1-424b-9868-57a2d4851a1d" relativeResultsDirectory="8afb3042-d135-4f8b-aa88-dff6327114dc" />
    <UnitTestResult executionId="2bde9426-bed1-4a39-b156-c3a27932e3ec" testId="4db5b5be-b994-0729-7de9-62e613244d8a" testName="EjemploPruebasUnitariasXUnit.PaisControllerTest.GetPorNombreAsync_Devuelve400_SiNoIndicaNombre(parteNombre: &quot; &quot;)" computerName="NBK" duration="00:00:00.0021356" startTime="2020-03-31T01:19:35.7242243-03:00" endTime="2020-03-31T01:19:35.7242243-03:00" testType="13cdc9d9-ddb5-4fa4-a97d-d965ccfc6d4b" outcome="Passed" testListId="8c84fa94-04c1-424b-9868-57a2d4851a1d" relativeResultsDirectory="2bde9426-bed1-4a39-b156-c3a27932e3ec" />
    <UnitTestResult executionId="d0aeafd1-7f59-4875-939b-38e2cf6be219" testId="b0e7a12d-c4ac-3e3a-25c1-da4aa73d8749" testName="EjemploPruebasUnitariasXUnit.PaisControllerTest.GetPorNombreAsync_Devuelve400_SiNoIndicaNombre(parteNombre: &quot;&quot;)" computerName="NBK" duration="00:00:00.0060123" startTime="2020-03-31T01:19:35.7232243-03:00" endTime="2020-03-31T01:19:35.7232243-03:00" testType="13cdc9d9-ddb5-4fa4-a97d-d965ccfc6d4b" outcome="Passed" testListId="8c84fa94-04c1-424b-9868-57a2d4851a1d" relativeResultsDirectory="d0aeafd1-7f59-4875-939b-38e2cf6be219" />
    <UnitTestResult executionId="a6c4a770-b7b0-489a-a458-deecb55083e5" testId="f8a0eb5d-9fb9-2fd9-c8c1-3ec0a85eb38a" testName="EjemploPruebasUnitariasXUnit.PaisControllerTest.GetPorNombreAsync_Devuelve400_SiNoIndicaNombre(parteNombre: null)" computerName="NBK" duration="00:00:00.0021860" startTime="2020-03-31T01:19:35.7242243-03:00" endTime="2020-03-31T01:19:35.7242243-03:00" testType="13cdc9d9-ddb5-4fa4-a97d-d965ccfc6d4b" outcome="Passed" testListId="8c84fa94-04c1-424b-9868-57a2d4851a1d" relativeResultsDirectory="a6c4a770-b7b0-489a-a458-deecb55083e5" />
    <UnitTestResult executionId="23678fc0-0e17-49db-bf6f-4fe8369dbf49" testId="bd77b34a-dbad-01f7-bc43-5c8a00e16f21" testName="EjemploPruebasUnitariasXUnit.PaisControllerTest.GetLimitrofesPaisAsync_Devuelve500YLoguear_SiDaErrorLaApi" computerName="NBK" duration="00:00:00.0178833" startTime="2020-03-31T01:19:35.7352250-03:00" endTime="2020-03-31T01:19:35.7352250-03:00" testType="13cdc9d9-ddb5-4fa4-a97d-d965ccfc6d4b" outcome="Passed" testListId="8c84fa94-04c1-424b-9868-57a2d4851a1d" relativeResultsDirectory="23678fc0-0e17-49db-bf6f-4fe8369dbf49" />
    <UnitTestResult executionId="7801d11b-af98-42f7-b057-f2d2596e9cfb" testId="3b1cceae-7860-c108-0f95-62f96a048563" testName="EjemploPruebasUnitariasXUnit.PaisControllerTest.GetLimitrofesPaisAsync_Devuelve400_SiNoIndicaCodigoPais3(codPais3: &quot;   &quot;)" computerName="NBK" duration="00:00:00.0016480" startTime="2020-03-31T01:19:35.5772159-03:00" endTime="2020-03-31T01:19:35.5772159-03:00" testType="13cdc9d9-ddb5-4fa4-a97d-d965ccfc6d4b" outcome="Passed" testListId="8c84fa94-04c1-424b-9868-57a2d4851a1d" relativeResultsDirectory="7801d11b-af98-42f7-b057-f2d2596e9cfb" />
    <UnitTestResult executionId="2a0bb88f-1b8d-4c62-a7e4-1bb83ff1e1e2" testId="b4e857df-85b2-4114-29bf-27d712c7fbab" testName="EjemploPruebasUnitariasXUnit.PaisControllerTest.GetLimitrofesPaisAsync_DevuelveArrayDeLimitrofesOrdenPoblacDesc_SiTieneLimitrofes(codPais3: &quot;ARG &quot;)" computerName="NBK" duration="00:00:00.0050454" startTime="2020-03-31T01:19:35.7232243-03:00" endTime="2020-03-31T01:19:35.7232243-03:00" testType="13cdc9d9-ddb5-4fa4-a97d-d965ccfc6d4b" outcome="Passed" testListId="8c84fa94-04c1-424b-9868-57a2d4851a1d" relativeResultsDirectory="2a0bb88f-1b8d-4c62-a7e4-1bb83ff1e1e2" />
    <UnitTestResult executionId="94c95b02-ba69-4c4c-83b6-6bdf18bae8c1" testId="355bce3c-0b11-4868-5406-99f933f50fd9" testName="EjemploPruebasUnitariasXUnit.PaisControllerTest.GetLimitrofesPaisAsync_Devuelve400_SiCodPaisNoTiene3Caracteres(codPais3: &quot;A  &quot;)" computerName="NBK" duration="00:00:00.0019821" startTime="2020-03-31T01:19:35.7252244-03:00" endTime="2020-03-31T01:19:35.7252244-03:00" testType="13cdc9d9-ddb5-4fa4-a97d-d965ccfc6d4b" outcome="Passed" testListId="8c84fa94-04c1-424b-9868-57a2d4851a1d" relativeResultsDirectory="94c95b02-ba69-4c4c-83b6-6bdf18bae8c1" />
    <UnitTestResult executionId="d947c18e-bcef-4be3-b8ea-ff5204de0bd6" testId="82df1563-6c1b-85c7-2a5a-bc47b25e2e2d" testName="EjemploPruebasUnitariasXUnit.PaisControllerTest.GetPorNombreAsync_DevuelveVariosPaises_Cuando_IndicaParteNombre(parteNombre: &quot;iL&quot;)" computerName="NBK" duration="00:00:00.0020345" startTime="2020-03-31T01:19:35.6002173-03:00" endTime="2020-03-31T01:19:35.6002173-03:00" testType="13cdc9d9-ddb5-4fa4-a97d-d965ccfc6d4b" outcome="Passed" testListId="8c84fa94-04c1-424b-9868-57a2d4851a1d" relativeResultsDirectory="d947c18e-bcef-4be3-b8ea-ff5204de0bd6" />
    <UnitTestResult executionId="6af95f13-9d2c-486e-b5f9-6d3d63d1f3a1" testId="4b890da5-c607-fbb9-be61-4c6406c090d7" testName="EjemploPruebasUnitariasXUnit.PaisControllerTest.GetPorNombreAsync_DevuelveVariosPaises_Cuando_IndicaParteNombre(parteNombre: &quot;il&quot;)" computerName="NBK" duration="00:00:00.0190648" startTime="2020-03-31T01:19:35.5982171-03:00" endTime="2020-03-31T01:19:35.5982171-03:00" testType="13cdc9d9-ddb5-4fa4-a97d-d965ccfc6d4b" outcome="Passed" testListId="8c84fa94-04c1-424b-9868-57a2d4851a1d" relativeResultsDirectory="6af95f13-9d2c-486e-b5f9-6d3d63d1f3a1" />
    <UnitTestResult executionId="26daf0b5-e3b3-401e-a5a1-ac98e8b7fdc7" testId="e3ab7f2d-36a9-f0e9-1eed-0ead3415f592" testName="EjemploPruebasUnitariasXUnit.PaisControllerTest.GetPorNombreAsync_Devuelve500YLoguear_SiDaErrorLaApi" computerName="NBK" duration="00:00:00.0559848" startTime="2020-03-31T01:19:35.6592206-03:00" endTime="2020-03-31T01:19:35.6592206-03:00" testType="13cdc9d9-ddb5-4fa4-a97d-d965ccfc6d4b" outcome="Passed" testListId="8c84fa94-04c1-424b-9868-57a2d4851a1d" relativeResultsDirectory="26daf0b5-e3b3-401e-a5a1-ac98e8b7fdc7" />
    <UnitTestResult executionId="335ae3ca-4bf9-4fa1-89ff-31ce76aa3512" testId="39c35841-6914-d223-1f21-cd506b100205" testName="EjemploPruebasUnitariasXUnit.PaisControllerTest.GetLimitrofesPaisAsync_DevuelveArrayVacio_SiNoTieneLimitrofes" computerName="NBK" duration="00:00:00.0047328" startTime="2020-03-31T01:19:35.7242243-03:00" endTime="2020-03-31T01:19:35.7242243-03:00" testType="13cdc9d9-ddb5-4fa4-a97d-d965ccfc6d4b" outcome="Passed" testListId="8c84fa94-04c1-424b-9868-57a2d4851a1d" relativeResultsDirectory="335ae3ca-4bf9-4fa1-89ff-31ce76aa3512" />
    <UnitTestResult executionId="1155bd5d-a5be-40b6-9616-b6cf5c03fed6" testId="0a62c33b-d707-a34d-0873-f15d83860288" testName="EjemploPruebasUnitariasXUnit.PaisControllerTest.GetLimitrofesPaisAsync_Devuelve400_SiNoIndicaCodigoPais3(codPais3: &quot;&quot;)" computerName="NBK" duration="00:00:00.0467368" startTime="2020-03-31T01:19:35.5752158-03:00" endTime="2020-03-31T01:19:35.5752158-03:00" testType="13cdc9d9-ddb5-4fa4-a97d-d965ccfc6d4b" outcome="Passed" testListId="8c84fa94-04c1-424b-9868-57a2d4851a1d" relativeResultsDirectory="1155bd5d-a5be-40b6-9616-b6cf5c03fed6" />
    <UnitTestResult executionId="7a293b6b-e89b-4690-a216-21ac0a045abe" testId="fad7582c-de2d-bbb6-790e-628b838e5194" testName="EjemploPruebasUnitariasXUnit.PaisControllerTest.GetPorNombreAsync_DevuelveVariosPaises_Cuando_IndicaParteNombre(parteNombre: &quot;IL&quot;)" computerName="NBK" duration="00:00:00.0021202" startTime="2020-03-31T01:19:35.6022174-03:00" endTime="2020-03-31T01:19:35.6022174-03:00" testType="13cdc9d9-ddb5-4fa4-a97d-d965ccfc6d4b" outcome="Passed" testListId="8c84fa94-04c1-424b-9868-57a2d4851a1d" relativeResultsDirectory="7a293b6b-e89b-4690-a216-21ac0a045abe" />
    <UnitTestResult executionId="973e2026-393d-4c81-bfcd-e74fcb26f8b6" testId="454f146d-0b2c-e946-2548-d83ee0570b30" testName="EjemploPruebasUnitariasXUnit.PaisControllerTest.GetPorNombreAsync_DevuelveArrayVacio_SiNoEncuentraPais" computerName="NBK" duration="00:00:00.4885937" startTime="2020-03-31T01:19:35.5292132-03:00" endTime="2020-03-31T01:19:35.5302132-03:00" testType="13cdc9d9-ddb5-4fa4-a97d-d965ccfc6d4b" outcome="Passed" testListId="8c84fa94-04c1-424b-9868-57a2d4851a1d" relativeResultsDirectory="973e2026-393d-4c81-bfcd-e74fcb26f8b6" />
  </Results>
  <TestDefinitions>
    <UnitTest name="EjemploPruebasUnitariasXUnit.PaisControllerTest.GetLimitrofesPaisAsync_Devuelve400_SiCodPaisNoTiene3Caracteres(codPais3: &quot;A&quot;)" storage="d:\datos\gl\pruebas-unitarias\xunit-test\ejemplopruebasunitariasxunit\bin\debug\netcoreapp3.1\ejemplopruebasunitariasxunit.dll" id="29c55d5e-b42f-275b-c007-033b09c34233">
      <Execution id="8afb3042-d135-4f8b-aa88-dff6327114dc" />
      <TestMethod codeBase="D:\Datos\GL\pruebas-unitarias\xunit-test\EjemploPruebasUnitariasXUnit\bin\Debug\netcoreapp3.1\EjemploPruebasUnitariasXUnit.dll" adapterTypeName="executor://xunit/VsTestRunner2/netcoreapp" className="EjemploPruebasUnitariasXUnit.PaisControllerTest" name="EjemploPruebasUnitariasXUnit.PaisControllerTest.GetLimitrofesPaisAsync_Devuelve400_SiCodPaisNoTiene3Caracteres(codPais3: &quot;A&quot;)" />
    </UnitTest>
    <UnitTest name="EjemploPruebasUnitariasXUnit.PaisControllerTest.GetLimitrofesPaisAsync_DevuelveArrayVacio_SiNoTieneLimitrofes" storage="d:\datos\gl\pruebas-unitarias\xunit-test\ejemplopruebasunitariasxunit\bin\debug\netcoreapp3.1\ejemplopruebasunitariasxunit.dll" id="39c35841-6914-d223-1f21-cd506b100205">
      <Execution id="335ae3ca-4bf9-4fa1-89ff-31ce76aa3512" />
      <TestMethod codeBase="D:\Datos\GL\pruebas-unitarias\xunit-test\EjemploPruebasUnitariasXUnit\bin\Debug\netcoreapp3.1\EjemploPruebasUnitariasXUnit.dll" adapterTypeName="executor://xunit/VsTestRunner2/netcoreapp" className="EjemploPruebasUnitariasXUnit.PaisControllerTest" name="EjemploPruebasUnitariasXUnit.PaisControllerTest.GetLimitrofesPaisAsync_DevuelveArrayVacio_SiNoTieneLimitrofes" />
    </UnitTest>
    <UnitTest name="EjemploPruebasUnitariasXUnit.PaisControllerTest.GetLimitrofesPaisAsync_DevuelveArrayDeLimitrofesOrdenPoblacDesc_SiTieneLimitrofes(codPais3: &quot;arg&quot;)" storage="d:\datos\gl\pruebas-unitarias\xunit-test\ejemplopruebasunitariasxunit\bin\debug\netcoreapp3.1\ejemplopruebasunitariasxunit.dll" id="376b86d5-2424-23cc-8fdd-321e0727db31">
      <Execution id="39bcaeab-6e12-48e3-ad08-96ac23418f0b" />
      <TestMethod codeBase="D:\Datos\GL\pruebas-unitarias\xunit-test\EjemploPruebasUnitariasXUnit\bin\Debug\netcoreapp3.1\EjemploPruebasUnitariasXUnit.dll" adapterTypeName="executor://xunit/VsTestRunner2/netcoreapp" className="EjemploPruebasUnitariasXUnit.PaisControllerTest" name="EjemploPruebasUnitariasXUnit.PaisControllerTest.GetLimitrofesPaisAsync_DevuelveArrayDeLimitrofesOrdenPoblacDesc_SiTieneLimitrofes(codPais3: &quot;arg&quot;)" />
    </UnitTest>
    <UnitTest name="EjemploPruebasUnitariasXUnit.PaisControllerTest.GetPorNombreAsync_Devuelve400_SiNoIndicaNombre(parteNombre: &quot; &quot;)" storage="d:\datos\gl\pruebas-unitarias\xunit-test\ejemplopruebasunitariasxunit\bin\debug\netcoreapp3.1\ejemplopruebasunitariasxunit.dll" id="4db5b5be-b994-0729-7de9-62e613244d8a">
      <Execution id="2bde9426-bed1-4a39-b156-c3a27932e3ec" />
      <TestMethod codeBase="D:\Datos\GL\pruebas-unitarias\xunit-test\EjemploPruebasUnitariasXUnit\bin\Debug\netcoreapp3.1\EjemploPruebasUnitariasXUnit.dll" adapterTypeName="executor://xunit/VsTestRunner2/netcoreapp" className="EjemploPruebasUnitariasXUnit.PaisControllerTest" name="EjemploPruebasUnitariasXUnit.PaisControllerTest.GetPorNombreAsync_Devuelve400_SiNoIndicaNombre(parteNombre: &quot; &quot;)" />
    </UnitTest>
    <UnitTest name="EjemploPruebasUnitariasXUnit.PaisControllerTest.GetLimitrofesPaisAsync_Devuelve400_SiNoIndicaCodigoPais3(codPais3: &quot;&quot;)" storage="d:\datos\gl\pruebas-unitarias\xunit-test\ejemplopruebasunitariasxunit\bin\debug\netcoreapp3.1\ejemplopruebasunitariasxunit.dll" id="0a62c33b-d707-a34d-0873-f15d83860288">
      <Execution id="1155bd5d-a5be-40b6-9616-b6cf5c03fed6" />
      <TestMethod codeBase="D:\Datos\GL\pruebas-unitarias\xunit-test\EjemploPruebasUnitariasXUnit\bin\Debug\netcoreapp3.1\EjemploPruebasUnitariasXUnit.dll" adapterTypeName="executor://xunit/VsTestRunner2/netcoreapp" className="EjemploPruebasUnitariasXUnit.PaisControllerTest" name="EjemploPruebasUnitariasXUnit.PaisControllerTest.GetLimitrofesPaisAsync_Devuelve400_SiNoIndicaCodigoPais3(codPais3: &quot;&quot;)" />
    </UnitTest>
    <UnitTest name="EjemploPruebasUnitariasXUnit.PaisControllerTest.GetLimitrofesPaisAsync_Devuelve404_SiNoEncuentraPais" storage="d:\datos\gl\pruebas-unitarias\xunit-test\ejemplopruebasunitariasxunit\bin\debug\netcoreapp3.1\ejemplopruebasunitariasxunit.dll" id="77884f32-9a15-7614-320e-936982ca90da">
      <Execution id="a21ab123-2f3d-45f8-9d5a-fa4c43122b5c" />
      <TestMethod codeBase="D:\Datos\GL\pruebas-unitarias\xunit-test\EjemploPruebasUnitariasXUnit\bin\Debug\netcoreapp3.1\EjemploPruebasUnitariasXUnit.dll" adapterTypeName="executor://xunit/VsTestRunner2/netcoreapp" className="EjemploPruebasUnitariasXUnit.PaisControllerTest" name="EjemploPruebasUnitariasXUnit.PaisControllerTest.GetLimitrofesPaisAsync_Devuelve404_SiNoEncuentraPais" />
    </UnitTest>
    <UnitTest name="EjemploPruebasUnitariasXUnit.PaisControllerTest.GetLimitrofesPaisAsync_DevuelveArrayDeLimitrofesOrdenPoblacDesc_SiTieneLimitrofes(codPais3: &quot;ARG &quot;)" storage="d:\datos\gl\pruebas-unitarias\xunit-test\ejemplopruebasunitariasxunit\bin\debug\netcoreapp3.1\ejemplopruebasunitariasxunit.dll" id="b4e857df-85b2-4114-29bf-27d712c7fbab">
      <Execution id="2a0bb88f-1b8d-4c62-a7e4-1bb83ff1e1e2" />
      <TestMethod codeBase="D:\Datos\GL\pruebas-unitarias\xunit-test\EjemploPruebasUnitariasXUnit\bin\Debug\netcoreapp3.1\EjemploPruebasUnitariasXUnit.dll" adapterTypeName="executor://xunit/VsTestRunner2/netcoreapp" className="EjemploPruebasUnitariasXUnit.PaisControllerTest" name="EjemploPruebasUnitariasXUnit.PaisControllerTest.GetLimitrofesPaisAsync_DevuelveArrayDeLimitrofesOrdenPoblacDesc_SiTieneLimitrofes(codPais3: &quot;ARG &quot;)" />
    </UnitTest>
    <UnitTest name="EjemploPruebasUnitariasXUnit.PaisControllerTest.GetPorNombreAsync_DevuelveVariosPaises_Cuando_IndicaParteNombre(parteNombre: &quot;IL&quot;)" storage="d:\datos\gl\pruebas-unitarias\xunit-test\ejemplopruebasunitariasxunit\bin\debug\netcoreapp3.1\ejemplopruebasunitariasxunit.dll" id="fad7582c-de2d-bbb6-790e-628b838e5194">
      <Execution id="7a293b6b-e89b-4690-a216-21ac0a045abe" />
      <TestMethod codeBase="D:\Datos\GL\pruebas-unitarias\xunit-test\EjemploPruebasUnitariasXUnit\bin\Debug\netcoreapp3.1\EjemploPruebasUnitariasXUnit.dll" adapterTypeName="executor://xunit/VsTestRunner2/netcoreapp" className="EjemploPruebasUnitariasXUnit.PaisControllerTest" name="EjemploPruebasUnitariasXUnit.PaisControllerTest.GetPorNombreAsync_DevuelveVariosPaises_Cuando_IndicaParteNombre(parteNombre: &quot;IL&quot;)" />
    </UnitTest>
    <UnitTest name="EjemploPruebasUnitariasXUnit.PaisControllerTest.GetLimitrofesPaisAsync_Devuelve500YLoguear_SiDaErrorLaApi" storage="d:\datos\gl\pruebas-unitarias\xunit-test\ejemplopruebasunitariasxunit\bin\debug\netcoreapp3.1\ejemplopruebasunitariasxunit.dll" id="bd77b34a-dbad-01f7-bc43-5c8a00e16f21">
      <Execution id="23678fc0-0e17-49db-bf6f-4fe8369dbf49" />
      <TestMethod codeBase="D:\Datos\GL\pruebas-unitarias\xunit-test\EjemploPruebasUnitariasXUnit\bin\Debug\netcoreapp3.1\EjemploPruebasUnitariasXUnit.dll" adapterTypeName="executor://xunit/VsTestRunner2/netcoreapp" className="EjemploPruebasUnitariasXUnit.PaisControllerTest" name="EjemploPruebasUnitariasXUnit.PaisControllerTest.GetLimitrofesPaisAsync_Devuelve500YLoguear_SiDaErrorLaApi" />
    </UnitTest>
    <UnitTest name="EjemploPruebasUnitariasXUnit.PaisControllerTest.GetPorNombreAsync_Devuelve400_SiNoIndicaNombre(parteNombre: &quot;&quot;)" storage="d:\datos\gl\pruebas-unitarias\xunit-test\ejemplopruebasunitariasxunit\bin\debug\netcoreapp3.1\ejemplopruebasunitariasxunit.dll" id="b0e7a12d-c4ac-3e3a-25c1-da4aa73d8749">
      <Execution id="d0aeafd1-7f59-4875-939b-38e2cf6be219" />
      <TestMethod codeBase="D:\Datos\GL\pruebas-unitarias\xunit-test\EjemploPruebasUnitariasXUnit\bin\Debug\netcoreapp3.1\EjemploPruebasUnitariasXUnit.dll" adapterTypeName="executor://xunit/VsTestRunner2/netcoreapp" className="EjemploPruebasUnitariasXUnit.PaisControllerTest" name="EjemploPruebasUnitariasXUnit.PaisControllerTest.GetPorNombreAsync_Devuelve400_SiNoIndicaNombre(parteNombre: &quot;&quot;)" />
    </UnitTest>
    <UnitTest name="EjemploPruebasUnitariasXUnit.PaisControllerTest.GetPorNombreAsync_Devuelve400_SiNoIndicaNombre(parteNombre: null)" storage="d:\datos\gl\pruebas-unitarias\xunit-test\ejemplopruebasunitariasxunit\bin\debug\netcoreapp3.1\ejemplopruebasunitariasxunit.dll" id="f8a0eb5d-9fb9-2fd9-c8c1-3ec0a85eb38a">
      <Execution id="a6c4a770-b7b0-489a-a458-deecb55083e5" />
      <TestMethod codeBase="D:\Datos\GL\pruebas-unitarias\xunit-test\EjemploPruebasUnitariasXUnit\bin\Debug\netcoreapp3.1\EjemploPruebasUnitariasXUnit.dll" adapterTypeName="executor://xunit/VsTestRunner2/netcoreapp" className="EjemploPruebasUnitariasXUnit.PaisControllerTest" name="EjemploPruebasUnitariasXUnit.PaisControllerTest.GetPorNombreAsync_Devuelve400_SiNoIndicaNombre(parteNombre: null)" />
    </UnitTest>
    <UnitTest name="EjemploPruebasUnitariasXUnit.PaisControllerTest.GetPorNombreAsync_DevuelveVariosPaises_Cuando_IndicaParteNombre(parteNombre: &quot;iL&quot;)" storage="d:\datos\gl\pruebas-unitarias\xunit-test\ejemplopruebasunitariasxunit\bin\debug\netcoreapp3.1\ejemplopruebasunitariasxunit.dll" id="82df1563-6c1b-85c7-2a5a-bc47b25e2e2d">
      <Execution id="d947c18e-bcef-4be3-b8ea-ff5204de0bd6" />
      <TestMethod codeBase="D:\Datos\GL\pruebas-unitarias\xunit-test\EjemploPruebasUnitariasXUnit\bin\Debug\netcoreapp3.1\EjemploPruebasUnitariasXUnit.dll" adapterTypeName="executor://xunit/VsTestRunner2/netcoreapp" className="EjemploPruebasUnitariasXUnit.PaisControllerTest" name="EjemploPruebasUnitariasXUnit.PaisControllerTest.GetPorNombreAsync_DevuelveVariosPaises_Cuando_IndicaParteNombre(parteNombre: &quot;iL&quot;)" />
    </UnitTest>
    <UnitTest name="EjemploPruebasUnitariasXUnit.PaisControllerTest.GetLimitrofesPaisAsync_Devuelve400_SiNoIndicaCodigoPais3(codPais3: &quot;   &quot;)" storage="d:\datos\gl\pruebas-unitarias\xunit-test\ejemplopruebasunitariasxunit\bin\debug\netcoreapp3.1\ejemplopruebasunitariasxunit.dll" id="3b1cceae-7860-c108-0f95-62f96a048563">
      <Execution id="7801d11b-af98-42f7-b057-f2d2596e9cfb" />
      <TestMethod codeBase="D:\Datos\GL\pruebas-unitarias\xunit-test\EjemploPruebasUnitariasXUnit\bin\Debug\netcoreapp3.1\EjemploPruebasUnitariasXUnit.dll" adapterTypeName="executor://xunit/VsTestRunner2/netcoreapp" className="EjemploPruebasUnitariasXUnit.PaisControllerTest" name="EjemploPruebasUnitariasXUnit.PaisControllerTest.GetLimitrofesPaisAsync_Devuelve400_SiNoIndicaCodigoPais3(codPais3: &quot;   &quot;)" />
    </UnitTest>
    <UnitTest name="EjemploPruebasUnitariasXUnit.PaisControllerTest.GetLimitrofesPaisAsync_Devuelve400_SiNoIndicaCodigoPais3(codPais3: null)" storage="d:\datos\gl\pruebas-unitarias\xunit-test\ejemplopruebasunitariasxunit\bin\debug\netcoreapp3.1\ejemplopruebasunitariasxunit.dll" id="c350e63d-d425-4dd5-b5cb-ce26a15a4061">
      <Execution id="9250d568-b05f-4b3b-afd5-bf857b7c44e6" />
      <TestMethod codeBase="D:\Datos\GL\pruebas-unitarias\xunit-test\EjemploPruebasUnitariasXUnit\bin\Debug\netcoreapp3.1\EjemploPruebasUnitariasXUnit.dll" adapterTypeName="executor://xunit/VsTestRunner2/netcoreapp" className="EjemploPruebasUnitariasXUnit.PaisControllerTest" name="EjemploPruebasUnitariasXUnit.PaisControllerTest.GetLimitrofesPaisAsync_Devuelve400_SiNoIndicaCodigoPais3(codPais3: null)" />
    </UnitTest>
    <UnitTest name="EjemploPruebasUnitariasXUnit.PaisControllerTest.GetPorNombreAsync_DevuelveArrayVacio_SiNoEncuentraPais" storage="d:\datos\gl\pruebas-unitarias\xunit-test\ejemplopruebasunitariasxunit\bin\debug\netcoreapp3.1\ejemplopruebasunitariasxunit.dll" id="454f146d-0b2c-e946-2548-d83ee0570b30">
      <Execution id="973e2026-393d-4c81-bfcd-e74fcb26f8b6" />
      <TestMethod codeBase="D:\Datos\GL\pruebas-unitarias\xunit-test\EjemploPruebasUnitariasXUnit\bin\Debug\netcoreapp3.1\EjemploPruebasUnitariasXUnit.dll" adapterTypeName="executor://xunit/VsTestRunner2/netcoreapp" className="EjemploPruebasUnitariasXUnit.PaisControllerTest" name="EjemploPruebasUnitariasXUnit.PaisControllerTest.GetPorNombreAsync_DevuelveArrayVacio_SiNoEncuentraPais" />
    </UnitTest>
    <UnitTest name="EjemploPruebasUnitariasXUnit.PaisControllerTest.GetLimitrofesPaisAsync_Devuelve400_SiCodPaisNoTiene3Caracteres(codPais3: &quot;ABDE&quot;)" storage="d:\datos\gl\pruebas-unitarias\xunit-test\ejemplopruebasunitariasxunit\bin\debug\netcoreapp3.1\ejemplopruebasunitariasxunit.dll" id="12314b3f-ce58-d4fb-d76b-a6f0bb4c2afa">
      <Execution id="3df779fd-d8ef-4757-8f16-a52b440f0452" />
      <TestMethod codeBase="D:\Datos\GL\pruebas-unitarias\xunit-test\EjemploPruebasUnitariasXUnit\bin\Debug\netcoreapp3.1\EjemploPruebasUnitariasXUnit.dll" adapterTypeName="executor://xunit/VsTestRunner2/netcoreapp" className="EjemploPruebasUnitariasXUnit.PaisControllerTest" name="EjemploPruebasUnitariasXUnit.PaisControllerTest.GetLimitrofesPaisAsync_Devuelve400_SiCodPaisNoTiene3Caracteres(codPais3: &quot;ABDE&quot;)" />
    </UnitTest>
    <UnitTest name="EjemploPruebasUnitariasXUnit.PaisControllerTest.GetPorNombreAsync_Devuelve500YLoguear_SiDaErrorLaApi" storage="d:\datos\gl\pruebas-unitarias\xunit-test\ejemplopruebasunitariasxunit\bin\debug\netcoreapp3.1\ejemplopruebasunitariasxunit.dll" id="e3ab7f2d-36a9-f0e9-1eed-0ead3415f592">
      <Execution id="26daf0b5-e3b3-401e-a5a1-ac98e8b7fdc7" />
      <TestMethod codeBase="D:\Datos\GL\pruebas-unitarias\xunit-test\EjemploPruebasUnitariasXUnit\bin\Debug\netcoreapp3.1\EjemploPruebasUnitariasXUnit.dll" adapterTypeName="executor://xunit/VsTestRunner2/netcoreapp" className="EjemploPruebasUnitariasXUnit.PaisControllerTest" name="EjemploPruebasUnitariasXUnit.PaisControllerTest.GetPorNombreAsync_Devuelve500YLoguear_SiDaErrorLaApi" />
    </UnitTest>
    <UnitTest name="EjemploPruebasUnitariasXUnit.PaisControllerTest.GetLimitrofesPaisAsync_Devuelve400_SiCodPaisNoTiene3Caracteres(codPais3: &quot;A  &quot;)" storage="d:\datos\gl\pruebas-unitarias\xunit-test\ejemplopruebasunitariasxunit\bin\debug\netcoreapp3.1\ejemplopruebasunitariasxunit.dll" id="355bce3c-0b11-4868-5406-99f933f50fd9">
      <Execution id="94c95b02-ba69-4c4c-83b6-6bdf18bae8c1" />
      <TestMethod codeBase="D:\Datos\GL\pruebas-unitarias\xunit-test\EjemploPruebasUnitariasXUnit\bin\Debug\netcoreapp3.1\EjemploPruebasUnitariasXUnit.dll" adapterTypeName="executor://xunit/VsTestRunner2/netcoreapp" className="EjemploPruebasUnitariasXUnit.PaisControllerTest" name="EjemploPruebasUnitariasXUnit.PaisControllerTest.GetLimitrofesPaisAsync_Devuelve400_SiCodPaisNoTiene3Caracteres(codPais3: &quot;A  &quot;)" />
    </UnitTest>
    <UnitTest name="EjemploPruebasUnitariasXUnit.PaisControllerTest.GetLimitrofesPaisAsync_Devuelve400_SiCodPaisNoTiene3Caracteres(codPais3: &quot;AB&quot;)" storage="d:\datos\gl\pruebas-unitarias\xunit-test\ejemplopruebasunitariasxunit\bin\debug\netcoreapp3.1\ejemplopruebasunitariasxunit.dll" id="762ed558-d752-6cb7-4748-2199612b145b">
      <Execution id="70c63499-2f8e-4caa-93c8-d2ca7dd3e814" />
      <TestMethod codeBase="D:\Datos\GL\pruebas-unitarias\xunit-test\EjemploPruebasUnitariasXUnit\bin\Debug\netcoreapp3.1\EjemploPruebasUnitariasXUnit.dll" adapterTypeName="executor://xunit/VsTestRunner2/netcoreapp" className="EjemploPruebasUnitariasXUnit.PaisControllerTest" name="EjemploPruebasUnitariasXUnit.PaisControllerTest.GetLimitrofesPaisAsync_Devuelve400_SiCodPaisNoTiene3Caracteres(codPais3: &quot;AB&quot;)" />
    </UnitTest>
    <UnitTest name="EjemploPruebasUnitariasXUnit.PaisControllerTest.GetPorNombreAsync_DevuelveVariosPaises_Cuando_IndicaParteNombre(parteNombre: &quot;il&quot;)" storage="d:\datos\gl\pruebas-unitarias\xunit-test\ejemplopruebasunitariasxunit\bin\debug\netcoreapp3.1\ejemplopruebasunitariasxunit.dll" id="4b890da5-c607-fbb9-be61-4c6406c090d7">
      <Execution id="6af95f13-9d2c-486e-b5f9-6d3d63d1f3a1" />
      <TestMethod codeBase="D:\Datos\GL\pruebas-unitarias\xunit-test\EjemploPruebasUnitariasXUnit\bin\Debug\netcoreapp3.1\EjemploPruebasUnitariasXUnit.dll" adapterTypeName="executor://xunit/VsTestRunner2/netcoreapp" className="EjemploPruebasUnitariasXUnit.PaisControllerTest" name="EjemploPruebasUnitariasXUnit.PaisControllerTest.GetPorNombreAsync_DevuelveVariosPaises_Cuando_IndicaParteNombre(parteNombre: &quot;il&quot;)" />
    </UnitTest>
  </TestDefinitions>
  <TestEntries>
    <TestEntry testId="376b86d5-2424-23cc-8fdd-321e0727db31" executionId="39bcaeab-6e12-48e3-ad08-96ac23418f0b" testListId="8c84fa94-04c1-424b-9868-57a2d4851a1d" />
    <TestEntry testId="12314b3f-ce58-d4fb-d76b-a6f0bb4c2afa" executionId="3df779fd-d8ef-4757-8f16-a52b440f0452" testListId="8c84fa94-04c1-424b-9868-57a2d4851a1d" />
    <TestEntry testId="77884f32-9a15-7614-320e-936982ca90da" executionId="a21ab123-2f3d-45f8-9d5a-fa4c43122b5c" testListId="8c84fa94-04c1-424b-9868-57a2d4851a1d" />
    <TestEntry testId="762ed558-d752-6cb7-4748-2199612b145b" executionId="70c63499-2f8e-4caa-93c8-d2ca7dd3e814" testListId="8c84fa94-04c1-424b-9868-57a2d4851a1d" />
    <TestEntry testId="c350e63d-d425-4dd5-b5cb-ce26a15a4061" executionId="9250d568-b05f-4b3b-afd5-bf857b7c44e6" testListId="8c84fa94-04c1-424b-9868-57a2d4851a1d" />
    <TestEntry testId="29c55d5e-b42f-275b-c007-033b09c34233" executionId="8afb3042-d135-4f8b-aa88-dff6327114dc" testListId="8c84fa94-04c1-424b-9868-57a2d4851a1d" />
    <TestEntry testId="4db5b5be-b994-0729-7de9-62e613244d8a" executionId="2bde9426-bed1-4a39-b156-c3a27932e3ec" testListId="8c84fa94-04c1-424b-9868-57a2d4851a1d" />
    <TestEntry testId="b0e7a12d-c4ac-3e3a-25c1-da4aa73d8749" executionId="d0aeafd1-7f59-4875-939b-38e2cf6be219" testListId="8c84fa94-04c1-424b-9868-57a2d4851a1d" />
    <TestEntry testId="f8a0eb5d-9fb9-2fd9-c8c1-3ec0a85eb38a" executionId="a6c4a770-b7b0-489a-a458-deecb55083e5" testListId="8c84fa94-04c1-424b-9868-57a2d4851a1d" />
    <TestEntry testId="bd77b34a-dbad-01f7-bc43-5c8a00e16f21" executionId="23678fc0-0e17-49db-bf6f-4fe8369dbf49" testListId="8c84fa94-04c1-424b-9868-57a2d4851a1d" />
    <TestEntry testId="3b1cceae-7860-c108-0f95-62f96a048563" executionId="7801d11b-af98-42f7-b057-f2d2596e9cfb" testListId="8c84fa94-04c1-424b-9868-57a2d4851a1d" />
    <TestEntry testId="b4e857df-85b2-4114-29bf-27d712c7fbab" executionId="2a0bb88f-1b8d-4c62-a7e4-1bb83ff1e1e2" testListId="8c84fa94-04c1-424b-9868-57a2d4851a1d" />
    <TestEntry testId="355bce3c-0b11-4868-5406-99f933f50fd9" executionId="94c95b02-ba69-4c4c-83b6-6bdf18bae8c1" testListId="8c84fa94-04c1-424b-9868-57a2d4851a1d" />
    <TestEntry testId="82df1563-6c1b-85c7-2a5a-bc47b25e2e2d" executionId="d947c18e-bcef-4be3-b8ea-ff5204de0bd6" testListId="8c84fa94-04c1-424b-9868-57a2d4851a1d" />
    <TestEntry testId="4b890da5-c607-fbb9-be61-4c6406c090d7" executionId="6af95f13-9d2c-486e-b5f9-6d3d63d1f3a1" testListId="8c84fa94-04c1-424b-9868-57a2d4851a1d" />
    <TestEntry testId="e3ab7f2d-36a9-f0e9-1eed-0ead3415f592" executionId="26daf0b5-e3b3-401e-a5a1-ac98e8b7fdc7" testListId="8c84fa94-04c1-424b-9868-57a2d4851a1d" />
    <TestEntry testId="39c35841-6914-d223-1f21-cd506b100205" executionId="335ae3ca-4bf9-4fa1-89ff-31ce76aa3512" testListId="8c84fa94-04c1-424b-9868-57a2d4851a1d" />
    <TestEntry testId="0a62c33b-d707-a34d-0873-f15d83860288" executionId="1155bd5d-a5be-40b6-9616-b6cf5c03fed6" testListId="8c84fa94-04c1-424b-9868-57a2d4851a1d" />
    <TestEntry testId="fad7582c-de2d-bbb6-790e-628b838e5194" executionId="7a293b6b-e89b-4690-a216-21ac0a045abe" testListId="8c84fa94-04c1-424b-9868-57a2d4851a1d" />
    <TestEntry testId="454f146d-0b2c-e946-2548-d83ee0570b30" executionId="973e2026-393d-4c81-bfcd-e74fcb26f8b6" testListId="8c84fa94-04c1-424b-9868-57a2d4851a1d" />
  </TestEntries>
  <TestLists>
    <TestList name="Resultados sin formato de lista" id="8c84fa94-04c1-424b-9868-57a2d4851a1d" />
    <TestList name="Todos los resultados cargados" id="19431567-8539-422a-85d7-44ee4e166bda" />
  </TestLists>
  <ResultSummary outcome="Completed">
    <Counters total="20" executed="20" passed="20" failed="0" error="0" timeout="0" aborted="0" inconclusive="0" passedButRunAborted="0" notRunnable="0" notExecuted="0" disconnected="0" warning="0" completed="0" inProgress="0" pending="0" />
    <Output>
      <StdOut>[xUnit.net 00:00:00.00] xUnit.net VSTest Adapter v2.4.1 (32-bit .NET Core 3.1.1)&#xD;
[xUnit.net 00:00:02.30]   Discovering: EjemploPruebasUnitariasXUnit&#xD;
[xUnit.net 00:00:02.52]   Discovered:  EjemploPruebasUnitariasXUnit&#xD;
[xUnit.net 00:00:02.54]   Starting:    EjemploPruebasUnitariasXUnit&#xD;
[xUnit.net 00:00:03.55]   Finished:    EjemploPruebasUnitariasXUnit&#xD;
</StdOut>
    </Output>
  </ResultSummary>
</TestRun>