<?xml version="1.0" encoding="utf-8"?>
<TestRun id="baaf9ddc-3cad-4160-8f5c-8bd3ed9dce56" name="Administrador@NBK 2020-03-31 00:28:35" runUser="NBK\Administrador" xmlns="http://microsoft.com/schemas/VisualStudio/TeamTest/2010">
  <Times creation="2020-03-31T00:28:35.2791769-03:00" queuing="2020-03-31T00:28:35.2791769-03:00" start="2020-03-31T00:28:28.9198132-03:00" finish="2020-03-31T00:28:35.6331971-03:00" />
  <TestSettings name="default" id="16ce9148-ce2e-4b0d-a752-d4be215a6e0e">
    <Deployment runDeploymentRoot="Administrador_NBK_2020-03-31_00_28_35" />
  </TestSettings>
  <Results>
    <UnitTestResult executionId="9e2910a1-ba7d-4a48-9618-d5e9a3a494ec" testId="f8a0eb5d-9fb9-2fd9-c8c1-3ec0a85eb38a" testName="EjemploPruebasUnitariasXUnit.PaisControllerTest.GetPorNombreAsync_Devuelve400_SiNoIndicaNombre(parteNombre: null)" computerName="NBK" duration="00:00:00.0026756" startTime="2020-03-31T00:28:35.2541755-03:00" endTime="2020-03-31T00:28:35.2541755-03:00" testType="13cdc9d9-ddb5-4fa4-a97d-d965ccfc6d4b" outcome="Passed" testListId="8c84fa94-04c1-424b-9868-57a2d4851a1d" relativeResultsDirectory="9e2910a1-ba7d-4a48-9618-d5e9a3a494ec" />
    <UnitTestResult executionId="39d94350-06ac-4be2-8c9b-300000f07d6d" testId="39c35841-6914-d223-1f21-cd506b100205" testName="EjemploPruebasUnitariasXUnit.PaisControllerTest.GetLimitrofesPaisAsync_DevuelveArrayVacio_SiNoTieneLimitrofes" computerName="NBK" duration="00:00:00.0053107" startTime="2020-03-31T00:28:35.2541755-03:00" endTime="2020-03-31T00:28:35.2541755-03:00" testType="13cdc9d9-ddb5-4fa4-a97d-d965ccfc6d4b" outcome="Passed" testListId="8c84fa94-04c1-424b-9868-57a2d4851a1d" relativeResultsDirectory="39d94350-06ac-4be2-8c9b-300000f07d6d" />
    <UnitTestResult executionId="1e87fd8a-a25d-4b92-89ac-371e2a2785f3" testId="b0e7a12d-c4ac-3e3a-25c1-da4aa73d8749" testName="EjemploPruebasUnitariasXUnit.PaisControllerTest.GetPorNombreAsync_Devuelve400_SiNoIndicaNombre(parteNombre: &quot;&quot;)" computerName="NBK" duration="00:00:00.0064732" startTime="2020-03-31T00:28:35.2231737-03:00" endTime="2020-03-31T00:28:35.2231737-03:00" testType="13cdc9d9-ddb5-4fa4-a97d-d965ccfc6d4b" outcome="Passed" testListId="8c84fa94-04c1-424b-9868-57a2d4851a1d" relativeResultsDirectory="1e87fd8a-a25d-4b92-89ac-371e2a2785f3" />
    <UnitTestResult executionId="475fa6a3-aca7-48ff-943f-8dc208d6d320" testId="c350e63d-d425-4dd5-b5cb-ce26a15a4061" testName="EjemploPruebasUnitariasXUnit.PaisControllerTest.GetLimitrofesPaisAsync_Devuelve400_SiNoIndicaCodigoPais3(codPais3: null)" computerName="NBK" duration="00:00:00.0012497" startTime="2020-03-31T00:28:35.0941663-03:00" endTime="2020-03-31T00:28:35.0941663-03:00" testType="13cdc9d9-ddb5-4fa4-a97d-d965ccfc6d4b" outcome="Passed" testListId="8c84fa94-04c1-424b-9868-57a2d4851a1d" relativeResultsDirectory="475fa6a3-aca7-48ff-943f-8dc208d6d320" />
    <UnitTestResult executionId="5ea1e522-8d02-417e-bdc3-253bd76e6d74" testId="a92fe03e-70e6-fb85-cba9-f25e7e7319fa" testName="EjemploPruebasUnitariasXUnit.PaisControllerTest.GetPorNombreAsync_DevuelveVariosPaises_Cuando_IndicaParteNombreEnMayuscOMinusc(parteNombre: &quot;il&quot;)" computerName="NBK" duration="00:00:00.0189786" startTime="2020-03-31T00:28:35.1131674-03:00" endTime="2020-03-31T00:28:35.1131674-03:00" testType="13cdc9d9-ddb5-4fa4-a97d-d965ccfc6d4b" outcome="Passed" testListId="8c84fa94-04c1-424b-9868-57a2d4851a1d" relativeResultsDirectory="5ea1e522-8d02-417e-bdc3-253bd76e6d74" />
    <UnitTestResult executionId="a0760fe4-cf8e-4d60-a0be-639012f357f0" testId="5ad16bad-6353-1e6d-0fe4-bf2f7935ee35" testName="EjemploPruebasUnitariasXUnit.PaisControllerTest.GetLimitrofesPaisAsync_Devuelve400_SiCodPaisNoTiene3CarAlfab(codPais3: &quot;A  &quot;)" computerName="NBK" duration="00:00:00.0017055" startTime="2020-03-31T00:28:35.0491637-03:00" endTime="2020-03-31T00:28:35.0491637-03:00" testType="13cdc9d9-ddb5-4fa4-a97d-d965ccfc6d4b" outcome="Passed" testListId="8c84fa94-04c1-424b-9868-57a2d4851a1d" relativeResultsDirectory="a0760fe4-cf8e-4d60-a0be-639012f357f0" />
    <UnitTestResult executionId="a71e02dc-fa95-4030-b3dc-a5282c9b4aa7" testId="3b1cceae-7860-c108-0f95-62f96a048563" testName="EjemploPruebasUnitariasXUnit.PaisControllerTest.GetLimitrofesPaisAsync_Devuelve400_SiNoIndicaCodigoPais3(codPais3: &quot;   &quot;)" computerName="NBK" duration="00:00:00.0012887" startTime="2020-03-31T00:28:35.0921662-03:00" endTime="2020-03-31T00:28:35.0921662-03:00" testType="13cdc9d9-ddb5-4fa4-a97d-d965ccfc6d4b" outcome="Passed" testListId="8c84fa94-04c1-424b-9868-57a2d4851a1d" relativeResultsDirectory="a71e02dc-fa95-4030-b3dc-a5282c9b4aa7" />
    <UnitTestResult executionId="457e9cff-690f-4e69-a30e-01320edc7dcc" testId="4eb1d403-f186-ad6b-6426-c5248039a13a" testName="EjemploPruebasUnitariasXUnit.PaisControllerTest.GetLimitrofesPaisAsync_Devuelve400_SiCodPaisNoTiene3CarAlfab(codPais3: &quot;A&quot;)" computerName="NBK" duration="00:00:00.4780542" startTime="2020-03-31T00:28:35.0301627-03:00" endTime="2020-03-31T00:28:35.0301627-03:00" testType="13cdc9d9-ddb5-4fa4-a97d-d965ccfc6d4b" outcome="Passed" testListId="8c84fa94-04c1-424b-9868-57a2d4851a1d" relativeResultsDirectory="457e9cff-690f-4e69-a30e-01320edc7dcc" />
    <UnitTestResult executionId="928311e7-f492-496e-8887-49ab9b6b8a06" testId="376b86d5-2424-23cc-8fdd-321e0727db31" testName="EjemploPruebasUnitariasXUnit.PaisControllerTest.GetLimitrofesPaisAsync_DevuelveArrayDeLimitrofesOrdenPoblacDesc_SiTieneLimitrofes(codPais3: &quot;arg&quot;)" computerName="NBK" duration="00:00:00.0275225" startTime="2020-03-31T00:28:35.2201735-03:00" endTime="2020-03-31T00:28:35.2201735-03:00" testType="13cdc9d9-ddb5-4fa4-a97d-d965ccfc6d4b" outcome="Passed" testListId="8c84fa94-04c1-424b-9868-57a2d4851a1d" relativeResultsDirectory="928311e7-f492-496e-8887-49ab9b6b8a06" />
    <UnitTestResult executionId="cc4476d6-4ce6-4bf2-8714-d5a3703f2104" testId="dde6213b-d58c-0953-cafa-4ed0522a3abb" testName="EjemploPruebasUnitariasXUnit.PaisControllerTest.GetLimitrofesPaisAsync_Devuelve404_SiNoEncuentraPaisCodMayuscOMinusc" computerName="NBK" duration="00:00:00.0060796" startTime="2020-03-31T00:28:35.2601758-03:00" endTime="2020-03-31T00:28:35.2601758-03:00" testType="13cdc9d9-ddb5-4fa4-a97d-d965ccfc6d4b" outcome="Passed" testListId="8c84fa94-04c1-424b-9868-57a2d4851a1d" relativeResultsDirectory="cc4476d6-4ce6-4bf2-8714-d5a3703f2104" />
    <UnitTestResult executionId="4e90d1e6-c922-4b16-8b89-061e13190378" testId="b4e857df-85b2-4114-29bf-27d712c7fbab" testName="EjemploPruebasUnitariasXUnit.PaisControllerTest.GetLimitrofesPaisAsync_DevuelveArrayDeLimitrofesOrdenPoblacDesc_SiTieneLimitrofes(codPais3: &quot;ARG &quot;)" computerName="NBK" duration="00:00:00.0052481" startTime="2020-03-31T00:28:35.2211736-03:00" endTime="2020-03-31T00:28:35.2211736-03:00" testType="13cdc9d9-ddb5-4fa4-a97d-d965ccfc6d4b" outcome="Passed" testListId="8c84fa94-04c1-424b-9868-57a2d4851a1d" relativeResultsDirectory="4e90d1e6-c922-4b16-8b89-061e13190378" />
    <UnitTestResult executionId="58048d33-a056-4e50-8371-cf9670e69742" testId="10b9da0b-2836-73bf-2c33-fb5ab8e36f51" testName="EjemploPruebasUnitariasXUnit.PaisControllerTest.GetLimitrofesPaisAsync_Devuelve400_SiCodPaisNoTiene3CarAlfab(codPais3: &quot;ABDE&quot;)" computerName="NBK" duration="00:00:00.0016521" startTime="2020-03-31T00:28:35.0491637-03:00" endTime="2020-03-31T00:28:35.0491637-03:00" testType="13cdc9d9-ddb5-4fa4-a97d-d965ccfc6d4b" outcome="Passed" testListId="8c84fa94-04c1-424b-9868-57a2d4851a1d" relativeResultsDirectory="58048d33-a056-4e50-8371-cf9670e69742" />
    <UnitTestResult executionId="ab10e209-f6e4-4db9-a886-75f0c5bd360a" testId="454f146d-0b2c-e946-2548-d83ee0570b30" testName="EjemploPruebasUnitariasXUnit.PaisControllerTest.GetPorNombreAsync_DevuelveArrayVacio_SiNoEncuentraPais" computerName="NBK" duration="00:00:00.0512581" startTime="2020-03-31T00:28:35.0861659-03:00" endTime="2020-03-31T00:28:35.0861659-03:00" testType="13cdc9d9-ddb5-4fa4-a97d-d965ccfc6d4b" outcome="Passed" testListId="8c84fa94-04c1-424b-9868-57a2d4851a1d" relativeResultsDirectory="ab10e209-f6e4-4db9-a886-75f0c5bd360a" />
    <UnitTestResult executionId="e50e316e-c4a3-4e72-9ac2-d8d80134109b" testId="0a62c33b-d707-a34d-0873-f15d83860288" testName="EjemploPruebasUnitariasXUnit.PaisControllerTest.GetLimitrofesPaisAsync_Devuelve400_SiNoIndicaCodigoPais3(codPais3: &quot;&quot;)" computerName="NBK" duration="00:00:00.0051028" startTime="2020-03-31T00:28:35.0911661-03:00" endTime="2020-03-31T00:28:35.0911661-03:00" testType="13cdc9d9-ddb5-4fa4-a97d-d965ccfc6d4b" outcome="Passed" testListId="8c84fa94-04c1-424b-9868-57a2d4851a1d" relativeResultsDirectory="e50e316e-c4a3-4e72-9ac2-d8d80134109b" />
    <UnitTestResult executionId="6caa4269-22a5-46d2-a1d0-0a2cb62c04bc" testId="bd77b34a-dbad-01f7-bc43-5c8a00e16f21" testName="EjemploPruebasUnitariasXUnit.PaisControllerTest.GetLimitrofesPaisAsync_Devuelve500YLoguear_SiDaErrorLaApi" computerName="NBK" duration="00:00:00.0099450" startTime="2020-03-31T00:28:35.2601758-03:00" endTime="2020-03-31T00:28:35.2601758-03:00" testType="13cdc9d9-ddb5-4fa4-a97d-d965ccfc6d4b" outcome="Passed" testListId="8c84fa94-04c1-424b-9868-57a2d4851a1d" relativeResultsDirectory="6caa4269-22a5-46d2-a1d0-0a2cb62c04bc" />
    <UnitTestResult executionId="2a0accfa-0cbd-4f83-b0fa-437f2fa7ab3d" testId="5e850f83-f4f0-a7f9-7a93-8fa6b16fe1d9" testName="EjemploPruebasUnitariasXUnit.PaisControllerTest.GetPorNombreAsync_DevuelveVariosPaises_Cuando_IndicaParteNombreEnMayuscOMinusc(parteNombre: &quot;iL&quot;)" computerName="NBK" duration="00:00:00.0021248" startTime="2020-03-31T00:28:35.2201735-03:00" endTime="2020-03-31T00:28:35.2201735-03:00" testType="13cdc9d9-ddb5-4fa4-a97d-d965ccfc6d4b" outcome="Passed" testListId="8c84fa94-04c1-424b-9868-57a2d4851a1d" relativeResultsDirectory="2a0accfa-0cbd-4f83-b0fa-437f2fa7ab3d" />
    <UnitTestResult executionId="8beb05c7-7a0a-4b0b-a461-ef6cd13489d5" testId="2e2c1b98-5402-8d88-65ac-5fc4ef198425" testName="EjemploPruebasUnitariasXUnit.PaisControllerTest.GetLimitrofesPaisAsync_Devuelve400_SiCodPaisNoTiene3CarAlfab(codPais3: &quot;AB&quot;)" computerName="NBK" duration="00:00:00.0020802" startTime="2020-03-31T00:28:35.0481637-03:00" endTime="2020-03-31T00:28:35.0481637-03:00" testType="13cdc9d9-ddb5-4fa4-a97d-d965ccfc6d4b" outcome="Passed" testListId="8c84fa94-04c1-424b-9868-57a2d4851a1d" relativeResultsDirectory="8beb05c7-7a0a-4b0b-a461-ef6cd13489d5" />
    <UnitTestResult executionId="47a8e99d-7958-48db-882d-ab97555e0529" testId="4db5b5be-b994-0729-7de9-62e613244d8a" testName="EjemploPruebasUnitariasXUnit.PaisControllerTest.GetPorNombreAsync_Devuelve400_SiNoIndicaNombre(parteNombre: &quot; &quot;)" computerName="NBK" duration="00:00:00.0024856" startTime="2020-03-31T00:28:35.2541755-03:00" endTime="2020-03-31T00:28:35.2541755-03:00" testType="13cdc9d9-ddb5-4fa4-a97d-d965ccfc6d4b" outcome="Passed" testListId="8c84fa94-04c1-424b-9868-57a2d4851a1d" relativeResultsDirectory="47a8e99d-7958-48db-882d-ab97555e0529" />
    <UnitTestResult executionId="65513d81-946e-445c-8a48-a155bea4adf6" testId="e3ab7f2d-36a9-f0e9-1eed-0ead3415f592" testName="EjemploPruebasUnitariasXUnit.PaisControllerTest.GetPorNombreAsync_Devuelve500YLoguear_SiDaErrorLaApi" computerName="NBK" duration="00:00:00.0655025" startTime="2020-03-31T00:28:35.2201735-03:00" endTime="2020-03-31T00:28:35.2201735-03:00" testType="13cdc9d9-ddb5-4fa4-a97d-d965ccfc6d4b" outcome="Passed" testListId="8c84fa94-04c1-424b-9868-57a2d4851a1d" relativeResultsDirectory="65513d81-946e-445c-8a48-a155bea4adf6" />
    <UnitTestResult executionId="219b9580-6c7d-4a18-952c-c8d39018e5eb" testId="a7d51773-1f26-9817-8b81-ed0dd4e2bbf5" testName="EjemploPruebasUnitariasXUnit.PaisControllerTest.GetPorNombreAsync_DevuelveVariosPaises_Cuando_IndicaParteNombreEnMayuscOMinusc(parteNombre: &quot;IL&quot;)" computerName="NBK" duration="00:00:00.0019293" startTime="2020-03-31T00:28:35.2201735-03:00" endTime="2020-03-31T00:28:35.2201735-03:00" testType="13cdc9d9-ddb5-4fa4-a97d-d965ccfc6d4b" outcome="Passed" testListId="8c84fa94-04c1-424b-9868-57a2d4851a1d" relativeResultsDirectory="219b9580-6c7d-4a18-952c-c8d39018e5eb" />
  </Results>
  <TestDefinitions>
    <UnitTest name="EjemploPruebasUnitariasXUnit.PaisControllerTest.GetPorNombreAsync_DevuelveVariosPaises_Cuando_IndicaParteNombreEnMayuscOMinusc(parteNombre: &quot;iL&quot;)" storage="d:\datos\gl\pruebas-unitarias\ejemplopruebasunitarias\borrar\xunit-test\ejemplopruebasunitariasxunit\bin\debug\netcoreapp3.1\ejemplopruebasunitariasxunit.dll" id="5e850f83-f4f0-a7f9-7a93-8fa6b16fe1d9">
      <Execution id="2a0accfa-0cbd-4f83-b0fa-437f2fa7ab3d" />
      <TestMethod codeBase="D:\Datos\GL\pruebas-unitarias\EjemploPruebasUnitarias\borrar\xunit-test\EjemploPruebasUnitariasXUnit\bin\Debug\netcoreapp3.1\EjemploPruebasUnitariasXUnit.dll" adapterTypeName="executor://xunit/VsTestRunner2/netcoreapp" className="EjemploPruebasUnitariasXUnit.PaisControllerTest" name="EjemploPruebasUnitariasXUnit.PaisControllerTest.GetPorNombreAsync_DevuelveVariosPaises_Cuando_IndicaParteNombreEnMayuscOMinusc(parteNombre: &quot;iL&quot;)" />
    </UnitTest>
    <UnitTest name="EjemploPruebasUnitariasXUnit.PaisControllerTest.GetLimitrofesPaisAsync_DevuelveArrayVacio_SiNoTieneLimitrofes" storage="d:\datos\gl\pruebas-unitarias\ejemplopruebasunitarias\borrar\xunit-test\ejemplopruebasunitariasxunit\bin\debug\netcoreapp3.1\ejemplopruebasunitariasxunit.dll" id="39c35841-6914-d223-1f21-cd506b100205">
      <Execution id="39d94350-06ac-4be2-8c9b-300000f07d6d" />
      <TestMethod codeBase="D:\Datos\GL\pruebas-unitarias\EjemploPruebasUnitarias\borrar\xunit-test\EjemploPruebasUnitariasXUnit\bin\Debug\netcoreapp3.1\EjemploPruebasUnitariasXUnit.dll" adapterTypeName="executor://xunit/VsTestRunner2/netcoreapp" className="EjemploPruebasUnitariasXUnit.PaisControllerTest" name="EjemploPruebasUnitariasXUnit.PaisControllerTest.GetLimitrofesPaisAsync_DevuelveArrayVacio_SiNoTieneLimitrofes" />
    </UnitTest>
    <UnitTest name="EjemploPruebasUnitariasXUnit.PaisControllerTest.GetLimitrofesPaisAsync_DevuelveArrayDeLimitrofesOrdenPoblacDesc_SiTieneLimitrofes(codPais3: &quot;arg&quot;)" storage="d:\datos\gl\pruebas-unitarias\ejemplopruebasunitarias\borrar\xunit-test\ejemplopruebasunitariasxunit\bin\debug\netcoreapp3.1\ejemplopruebasunitariasxunit.dll" id="376b86d5-2424-23cc-8fdd-321e0727db31">
      <Execution id="928311e7-f492-496e-8887-49ab9b6b8a06" />
      <TestMethod codeBase="D:\Datos\GL\pruebas-unitarias\EjemploPruebasUnitarias\borrar\xunit-test\EjemploPruebasUnitariasXUnit\bin\Debug\netcoreapp3.1\EjemploPruebasUnitariasXUnit.dll" adapterTypeName="executor://xunit/VsTestRunner2/netcoreapp" className="EjemploPruebasUnitariasXUnit.PaisControllerTest" name="EjemploPruebasUnitariasXUnit.PaisControllerTest.GetLimitrofesPaisAsync_DevuelveArrayDeLimitrofesOrdenPoblacDesc_SiTieneLimitrofes(codPais3: &quot;arg&quot;)" />
    </UnitTest>
    <UnitTest name="EjemploPruebasUnitariasXUnit.PaisControllerTest.GetPorNombreAsync_DevuelveVariosPaises_Cuando_IndicaParteNombreEnMayuscOMinusc(parteNombre: &quot;IL&quot;)" storage="d:\datos\gl\pruebas-unitarias\ejemplopruebasunitarias\borrar\xunit-test\ejemplopruebasunitariasxunit\bin\debug\netcoreapp3.1\ejemplopruebasunitariasxunit.dll" id="a7d51773-1f26-9817-8b81-ed0dd4e2bbf5">
      <Execution id="219b9580-6c7d-4a18-952c-c8d39018e5eb" />
      <TestMethod codeBase="D:\Datos\GL\pruebas-unitarias\EjemploPruebasUnitarias\borrar\xunit-test\EjemploPruebasUnitariasXUnit\bin\Debug\netcoreapp3.1\EjemploPruebasUnitariasXUnit.dll" adapterTypeName="executor://xunit/VsTestRunner2/netcoreapp" className="EjemploPruebasUnitariasXUnit.PaisControllerTest" name="EjemploPruebasUnitariasXUnit.PaisControllerTest.GetPorNombreAsync_DevuelveVariosPaises_Cuando_IndicaParteNombreEnMayuscOMinusc(parteNombre: &quot;IL&quot;)" />
    </UnitTest>
    <UnitTest name="EjemploPruebasUnitariasXUnit.PaisControllerTest.GetPorNombreAsync_Devuelve400_SiNoIndicaNombre(parteNombre: &quot; &quot;)" storage="d:\datos\gl\pruebas-unitarias\ejemplopruebasunitarias\borrar\xunit-test\ejemplopruebasunitariasxunit\bin\debug\netcoreapp3.1\ejemplopruebasunitariasxunit.dll" id="4db5b5be-b994-0729-7de9-62e613244d8a">
      <Execution id="47a8e99d-7958-48db-882d-ab97555e0529" />
      <TestMethod codeBase="D:\Datos\GL\pruebas-unitarias\EjemploPruebasUnitarias\borrar\xunit-test\EjemploPruebasUnitariasXUnit\bin\Debug\netcoreapp3.1\EjemploPruebasUnitariasXUnit.dll" adapterTypeName="executor://xunit/VsTestRunner2/netcoreapp" className="EjemploPruebasUnitariasXUnit.PaisControllerTest" name="EjemploPruebasUnitariasXUnit.PaisControllerTest.GetPorNombreAsync_Devuelve400_SiNoIndicaNombre(parteNombre: &quot; &quot;)" />
    </UnitTest>
    <UnitTest name="EjemploPruebasUnitariasXUnit.PaisControllerTest.GetLimitrofesPaisAsync_Devuelve400_SiNoIndicaCodigoPais3(codPais3: &quot;&quot;)" storage="d:\datos\gl\pruebas-unitarias\ejemplopruebasunitarias\borrar\xunit-test\ejemplopruebasunitariasxunit\bin\debug\netcoreapp3.1\ejemplopruebasunitariasxunit.dll" id="0a62c33b-d707-a34d-0873-f15d83860288">
      <Execution id="e50e316e-c4a3-4e72-9ac2-d8d80134109b" />
      <TestMethod codeBase="D:\Datos\GL\pruebas-unitarias\EjemploPruebasUnitarias\borrar\xunit-test\EjemploPruebasUnitariasXUnit\bin\Debug\netcoreapp3.1\EjemploPruebasUnitariasXUnit.dll" adapterTypeName="executor://xunit/VsTestRunner2/netcoreapp" className="EjemploPruebasUnitariasXUnit.PaisControllerTest" name="EjemploPruebasUnitariasXUnit.PaisControllerTest.GetLimitrofesPaisAsync_Devuelve400_SiNoIndicaCodigoPais3(codPais3: &quot;&quot;)" />
    </UnitTest>
    <UnitTest name="EjemploPruebasUnitariasXUnit.PaisControllerTest.GetLimitrofesPaisAsync_Devuelve400_SiCodPaisNoTiene3CarAlfab(codPais3: &quot;A  &quot;)" storage="d:\datos\gl\pruebas-unitarias\ejemplopruebasunitarias\borrar\xunit-test\ejemplopruebasunitariasxunit\bin\debug\netcoreapp3.1\ejemplopruebasunitariasxunit.dll" id="5ad16bad-6353-1e6d-0fe4-bf2f7935ee35">
      <Execution id="a0760fe4-cf8e-4d60-a0be-639012f357f0" />
      <TestMethod codeBase="D:\Datos\GL\pruebas-unitarias\EjemploPruebasUnitarias\borrar\xunit-test\EjemploPruebasUnitariasXUnit\bin\Debug\netcoreapp3.1\EjemploPruebasUnitariasXUnit.dll" adapterTypeName="executor://xunit/VsTestRunner2/netcoreapp" className="EjemploPruebasUnitariasXUnit.PaisControllerTest" name="EjemploPruebasUnitariasXUnit.PaisControllerTest.GetLimitrofesPaisAsync_Devuelve400_SiCodPaisNoTiene3CarAlfab(codPais3: &quot;A  &quot;)" />
    </UnitTest>
    <UnitTest name="EjemploPruebasUnitariasXUnit.PaisControllerTest.GetLimitrofesPaisAsync_Devuelve400_SiCodPaisNoTiene3CarAlfab(codPais3: &quot;AB&quot;)" storage="d:\datos\gl\pruebas-unitarias\ejemplopruebasunitarias\borrar\xunit-test\ejemplopruebasunitariasxunit\bin\debug\netcoreapp3.1\ejemplopruebasunitariasxunit.dll" id="2e2c1b98-5402-8d88-65ac-5fc4ef198425">
      <Execution id="8beb05c7-7a0a-4b0b-a461-ef6cd13489d5" />
      <TestMethod codeBase="D:\Datos\GL\pruebas-unitarias\EjemploPruebasUnitarias\borrar\xunit-test\EjemploPruebasUnitariasXUnit\bin\Debug\netcoreapp3.1\EjemploPruebasUnitariasXUnit.dll" adapterTypeName="executor://xunit/VsTestRunner2/netcoreapp" className="EjemploPruebasUnitariasXUnit.PaisControllerTest" name="EjemploPruebasUnitariasXUnit.PaisControllerTest.GetLimitrofesPaisAsync_Devuelve400_SiCodPaisNoTiene3CarAlfab(codPais3: &quot;AB&quot;)" />
    </UnitTest>
    <UnitTest name="EjemploPruebasUnitariasXUnit.PaisControllerTest.GetLimitrofesPaisAsync_Devuelve400_SiCodPaisNoTiene3CarAlfab(codPais3: &quot;ABDE&quot;)" storage="d:\datos\gl\pruebas-unitarias\ejemplopruebasunitarias\borrar\xunit-test\ejemplopruebasunitariasxunit\bin\debug\netcoreapp3.1\ejemplopruebasunitariasxunit.dll" id="10b9da0b-2836-73bf-2c33-fb5ab8e36f51">
      <Execution id="58048d33-a056-4e50-8371-cf9670e69742" />
      <TestMethod codeBase="D:\Datos\GL\pruebas-unitarias\EjemploPruebasUnitarias\borrar\xunit-test\EjemploPruebasUnitariasXUnit\bin\Debug\netcoreapp3.1\EjemploPruebasUnitariasXUnit.dll" adapterTypeName="executor://xunit/VsTestRunner2/netcoreapp" className="EjemploPruebasUnitariasXUnit.PaisControllerTest" name="EjemploPruebasUnitariasXUnit.PaisControllerTest.GetLimitrofesPaisAsync_Devuelve400_SiCodPaisNoTiene3CarAlfab(codPais3: &quot;ABDE&quot;)" />
    </UnitTest>
    <UnitTest name="EjemploPruebasUnitariasXUnit.PaisControllerTest.GetLimitrofesPaisAsync_DevuelveArrayDeLimitrofesOrdenPoblacDesc_SiTieneLimitrofes(codPais3: &quot;ARG &quot;)" storage="d:\datos\gl\pruebas-unitarias\ejemplopruebasunitarias\borrar\xunit-test\ejemplopruebasunitariasxunit\bin\debug\netcoreapp3.1\ejemplopruebasunitariasxunit.dll" id="b4e857df-85b2-4114-29bf-27d712c7fbab">
      <Execution id="4e90d1e6-c922-4b16-8b89-061e13190378" />
      <TestMethod codeBase="D:\Datos\GL\pruebas-unitarias\EjemploPruebasUnitarias\borrar\xunit-test\EjemploPruebasUnitariasXUnit\bin\Debug\netcoreapp3.1\EjemploPruebasUnitariasXUnit.dll" adapterTypeName="executor://xunit/VsTestRunner2/netcoreapp" className="EjemploPruebasUnitariasXUnit.PaisControllerTest" name="EjemploPruebasUnitariasXUnit.PaisControllerTest.GetLimitrofesPaisAsync_DevuelveArrayDeLimitrofesOrdenPoblacDesc_SiTieneLimitrofes(codPais3: &quot;ARG &quot;)" />
    </UnitTest>
    <UnitTest name="EjemploPruebasUnitariasXUnit.PaisControllerTest.GetLimitrofesPaisAsync_Devuelve500YLoguear_SiDaErrorLaApi" storage="d:\datos\gl\pruebas-unitarias\ejemplopruebasunitarias\borrar\xunit-test\ejemplopruebasunitariasxunit\bin\debug\netcoreapp3.1\ejemplopruebasunitariasxunit.dll" id="bd77b34a-dbad-01f7-bc43-5c8a00e16f21">
      <Execution id="6caa4269-22a5-46d2-a1d0-0a2cb62c04bc" />
      <TestMethod codeBase="D:\Datos\GL\pruebas-unitarias\EjemploPruebasUnitarias\borrar\xunit-test\EjemploPruebasUnitariasXUnit\bin\Debug\netcoreapp3.1\EjemploPruebasUnitariasXUnit.dll" adapterTypeName="executor://xunit/VsTestRunner2/netcoreapp" className="EjemploPruebasUnitariasXUnit.PaisControllerTest" name="EjemploPruebasUnitariasXUnit.PaisControllerTest.GetLimitrofesPaisAsync_Devuelve500YLoguear_SiDaErrorLaApi" />
    </UnitTest>
    <UnitTest name="EjemploPruebasUnitariasXUnit.PaisControllerTest.GetPorNombreAsync_Devuelve400_SiNoIndicaNombre(parteNombre: &quot;&quot;)" storage="d:\datos\gl\pruebas-unitarias\ejemplopruebasunitarias\borrar\xunit-test\ejemplopruebasunitariasxunit\bin\debug\netcoreapp3.1\ejemplopruebasunitariasxunit.dll" id="b0e7a12d-c4ac-3e3a-25c1-da4aa73d8749">
      <Execution id="1e87fd8a-a25d-4b92-89ac-371e2a2785f3" />
      <TestMethod codeBase="D:\Datos\GL\pruebas-unitarias\EjemploPruebasUnitarias\borrar\xunit-test\EjemploPruebasUnitariasXUnit\bin\Debug\netcoreapp3.1\EjemploPruebasUnitariasXUnit.dll" adapterTypeName="executor://xunit/VsTestRunner2/netcoreapp" className="EjemploPruebasUnitariasXUnit.PaisControllerTest" name="EjemploPruebasUnitariasXUnit.PaisControllerTest.GetPorNombreAsync_Devuelve400_SiNoIndicaNombre(parteNombre: &quot;&quot;)" />
    </UnitTest>
    <UnitTest name="EjemploPruebasUnitariasXUnit.PaisControllerTest.GetPorNombreAsync_Devuelve400_SiNoIndicaNombre(parteNombre: null)" storage="d:\datos\gl\pruebas-unitarias\ejemplopruebasunitarias\borrar\xunit-test\ejemplopruebasunitariasxunit\bin\debug\netcoreapp3.1\ejemplopruebasunitariasxunit.dll" id="f8a0eb5d-9fb9-2fd9-c8c1-3ec0a85eb38a">
      <Execution id="9e2910a1-ba7d-4a48-9618-d5e9a3a494ec" />
      <TestMethod codeBase="D:\Datos\GL\pruebas-unitarias\EjemploPruebasUnitarias\borrar\xunit-test\EjemploPruebasUnitariasXUnit\bin\Debug\netcoreapp3.1\EjemploPruebasUnitariasXUnit.dll" adapterTypeName="executor://xunit/VsTestRunner2/netcoreapp" className="EjemploPruebasUnitariasXUnit.PaisControllerTest" name="EjemploPruebasUnitariasXUnit.PaisControllerTest.GetPorNombreAsync_Devuelve400_SiNoIndicaNombre(parteNombre: null)" />
    </UnitTest>
    <UnitTest name="EjemploPruebasUnitariasXUnit.PaisControllerTest.GetPorNombreAsync_DevuelveVariosPaises_Cuando_IndicaParteNombreEnMayuscOMinusc(parteNombre: &quot;il&quot;)" storage="d:\datos\gl\pruebas-unitarias\ejemplopruebasunitarias\borrar\xunit-test\ejemplopruebasunitariasxunit\bin\debug\netcoreapp3.1\ejemplopruebasunitariasxunit.dll" id="a92fe03e-70e6-fb85-cba9-f25e7e7319fa">
      <Execution id="5ea1e522-8d02-417e-bdc3-253bd76e6d74" />
      <TestMethod codeBase="D:\Datos\GL\pruebas-unitarias\EjemploPruebasUnitarias\borrar\xunit-test\EjemploPruebasUnitariasXUnit\bin\Debug\netcoreapp3.1\EjemploPruebasUnitariasXUnit.dll" adapterTypeName="executor://xunit/VsTestRunner2/netcoreapp" className="EjemploPruebasUnitariasXUnit.PaisControllerTest" name="EjemploPruebasUnitariasXUnit.PaisControllerTest.GetPorNombreAsync_DevuelveVariosPaises_Cuando_IndicaParteNombreEnMayuscOMinusc(parteNombre: &quot;il&quot;)" />
    </UnitTest>
    <UnitTest name="EjemploPruebasUnitariasXUnit.PaisControllerTest.GetLimitrofesPaisAsync_Devuelve404_SiNoEncuentraPaisCodMayuscOMinusc" storage="d:\datos\gl\pruebas-unitarias\ejemplopruebasunitarias\borrar\xunit-test\ejemplopruebasunitariasxunit\bin\debug\netcoreapp3.1\ejemplopruebasunitariasxunit.dll" id="dde6213b-d58c-0953-cafa-4ed0522a3abb">
      <Execution id="cc4476d6-4ce6-4bf2-8714-d5a3703f2104" />
      <TestMethod codeBase="D:\Datos\GL\pruebas-unitarias\EjemploPruebasUnitarias\borrar\xunit-test\EjemploPruebasUnitariasXUnit\bin\Debug\netcoreapp3.1\EjemploPruebasUnitariasXUnit.dll" adapterTypeName="executor://xunit/VsTestRunner2/netcoreapp" className="EjemploPruebasUnitariasXUnit.PaisControllerTest" name="EjemploPruebasUnitariasXUnit.PaisControllerTest.GetLimitrofesPaisAsync_Devuelve404_SiNoEncuentraPaisCodMayuscOMinusc" />
    </UnitTest>
    <UnitTest name="EjemploPruebasUnitariasXUnit.PaisControllerTest.GetLimitrofesPaisAsync_Devuelve400_SiNoIndicaCodigoPais3(codPais3: &quot;   &quot;)" storage="d:\datos\gl\pruebas-unitarias\ejemplopruebasunitarias\borrar\xunit-test\ejemplopruebasunitariasxunit\bin\debug\netcoreapp3.1\ejemplopruebasunitariasxunit.dll" id="3b1cceae-7860-c108-0f95-62f96a048563">
      <Execution id="a71e02dc-fa95-4030-b3dc-a5282c9b4aa7" />
      <TestMethod codeBase="D:\Datos\GL\pruebas-unitarias\EjemploPruebasUnitarias\borrar\xunit-test\EjemploPruebasUnitariasXUnit\bin\Debug\netcoreapp3.1\EjemploPruebasUnitariasXUnit.dll" adapterTypeName="executor://xunit/VsTestRunner2/netcoreapp" className="EjemploPruebasUnitariasXUnit.PaisControllerTest" name="EjemploPruebasUnitariasXUnit.PaisControllerTest.GetLimitrofesPaisAsync_Devuelve400_SiNoIndicaCodigoPais3(codPais3: &quot;   &quot;)" />
    </UnitTest>
    <UnitTest name="EjemploPruebasUnitariasXUnit.PaisControllerTest.GetLimitrofesPaisAsync_Devuelve400_SiNoIndicaCodigoPais3(codPais3: null)" storage="d:\datos\gl\pruebas-unitarias\ejemplopruebasunitarias\borrar\xunit-test\ejemplopruebasunitariasxunit\bin\debug\netcoreapp3.1\ejemplopruebasunitariasxunit.dll" id="c350e63d-d425-4dd5-b5cb-ce26a15a4061">
      <Execution id="475fa6a3-aca7-48ff-943f-8dc208d6d320" />
      <TestMethod codeBase="D:\Datos\GL\pruebas-unitarias\EjemploPruebasUnitarias\borrar\xunit-test\EjemploPruebasUnitariasXUnit\bin\Debug\netcoreapp3.1\EjemploPruebasUnitariasXUnit.dll" adapterTypeName="executor://xunit/VsTestRunner2/netcoreapp" className="EjemploPruebasUnitariasXUnit.PaisControllerTest" name="EjemploPruebasUnitariasXUnit.PaisControllerTest.GetLimitrofesPaisAsync_Devuelve400_SiNoIndicaCodigoPais3(codPais3: null)" />
    </UnitTest>
    <UnitTest name="EjemploPruebasUnitariasXUnit.PaisControllerTest.GetPorNombreAsync_DevuelveArrayVacio_SiNoEncuentraPais" storage="d:\datos\gl\pruebas-unitarias\ejemplopruebasunitarias\borrar\xunit-test\ejemplopruebasunitariasxunit\bin\debug\netcoreapp3.1\ejemplopruebasunitariasxunit.dll" id="454f146d-0b2c-e946-2548-d83ee0570b30">
      <Execution id="ab10e209-f6e4-4db9-a886-75f0c5bd360a" />
      <TestMethod codeBase="D:\Datos\GL\pruebas-unitarias\EjemploPruebasUnitarias\borrar\xunit-test\EjemploPruebasUnitariasXUnit\bin\Debug\netcoreapp3.1\EjemploPruebasUnitariasXUnit.dll" adapterTypeName="executor://xunit/VsTestRunner2/netcoreapp" className="EjemploPruebasUnitariasXUnit.PaisControllerTest" name="EjemploPruebasUnitariasXUnit.PaisControllerTest.GetPorNombreAsync_DevuelveArrayVacio_SiNoEncuentraPais" />
    </UnitTest>
    <UnitTest name="EjemploPruebasUnitariasXUnit.PaisControllerTest.GetLimitrofesPaisAsync_Devuelve400_SiCodPaisNoTiene3CarAlfab(codPais3: &quot;A&quot;)" storage="d:\datos\gl\pruebas-unitarias\ejemplopruebasunitarias\borrar\xunit-test\ejemplopruebasunitariasxunit\bin\debug\netcoreapp3.1\ejemplopruebasunitariasxunit.dll" id="4eb1d403-f186-ad6b-6426-c5248039a13a">
      <Execution id="457e9cff-690f-4e69-a30e-01320edc7dcc" />
      <TestMethod codeBase="D:\Datos\GL\pruebas-unitarias\EjemploPruebasUnitarias\borrar\xunit-test\EjemploPruebasUnitariasXUnit\bin\Debug\netcoreapp3.1\EjemploPruebasUnitariasXUnit.dll" adapterTypeName="executor://xunit/VsTestRunner2/netcoreapp" className="EjemploPruebasUnitariasXUnit.PaisControllerTest" name="EjemploPruebasUnitariasXUnit.PaisControllerTest.GetLimitrofesPaisAsync_Devuelve400_SiCodPaisNoTiene3CarAlfab(codPais3: &quot;A&quot;)" />
    </UnitTest>
    <UnitTest name="EjemploPruebasUnitariasXUnit.PaisControllerTest.GetPorNombreAsync_Devuelve500YLoguear_SiDaErrorLaApi" storage="d:\datos\gl\pruebas-unitarias\ejemplopruebasunitarias\borrar\xunit-test\ejemplopruebasunitariasxunit\bin\debug\netcoreapp3.1\ejemplopruebasunitariasxunit.dll" id="e3ab7f2d-36a9-f0e9-1eed-0ead3415f592">
      <Execution id="65513d81-946e-445c-8a48-a155bea4adf6" />
      <TestMethod codeBase="D:\Datos\GL\pruebas-unitarias\EjemploPruebasUnitarias\borrar\xunit-test\EjemploPruebasUnitariasXUnit\bin\Debug\netcoreapp3.1\EjemploPruebasUnitariasXUnit.dll" adapterTypeName="executor://xunit/VsTestRunner2/netcoreapp" className="EjemploPruebasUnitariasXUnit.PaisControllerTest" name="EjemploPruebasUnitariasXUnit.PaisControllerTest.GetPorNombreAsync_Devuelve500YLoguear_SiDaErrorLaApi" />
    </UnitTest>
  </TestDefinitions>
  <TestEntries>
    <TestEntry testId="f8a0eb5d-9fb9-2fd9-c8c1-3ec0a85eb38a" executionId="9e2910a1-ba7d-4a48-9618-d5e9a3a494ec" testListId="8c84fa94-04c1-424b-9868-57a2d4851a1d" />
    <TestEntry testId="39c35841-6914-d223-1f21-cd506b100205" executionId="39d94350-06ac-4be2-8c9b-300000f07d6d" testListId="8c84fa94-04c1-424b-9868-57a2d4851a1d" />
    <TestEntry testId="b0e7a12d-c4ac-3e3a-25c1-da4aa73d8749" executionId="1e87fd8a-a25d-4b92-89ac-371e2a2785f3" testListId="8c84fa94-04c1-424b-9868-57a2d4851a1d" />
    <TestEntry testId="c350e63d-d425-4dd5-b5cb-ce26a15a4061" executionId="475fa6a3-aca7-48ff-943f-8dc208d6d320" testListId="8c84fa94-04c1-424b-9868-57a2d4851a1d" />
    <TestEntry testId="a92fe03e-70e6-fb85-cba9-f25e7e7319fa" executionId="5ea1e522-8d02-417e-bdc3-253bd76e6d74" testListId="8c84fa94-04c1-424b-9868-57a2d4851a1d" />
    <TestEntry testId="5ad16bad-6353-1e6d-0fe4-bf2f7935ee35" executionId="a0760fe4-cf8e-4d60-a0be-639012f357f0" testListId="8c84fa94-04c1-424b-9868-57a2d4851a1d" />
    <TestEntry testId="3b1cceae-7860-c108-0f95-62f96a048563" executionId="a71e02dc-fa95-4030-b3dc-a5282c9b4aa7" testListId="8c84fa94-04c1-424b-9868-57a2d4851a1d" />
    <TestEntry testId="4eb1d403-f186-ad6b-6426-c5248039a13a" executionId="457e9cff-690f-4e69-a30e-01320edc7dcc" testListId="8c84fa94-04c1-424b-9868-57a2d4851a1d" />
    <TestEntry testId="376b86d5-2424-23cc-8fdd-321e0727db31" executionId="928311e7-f492-496e-8887-49ab9b6b8a06" testListId="8c84fa94-04c1-424b-9868-57a2d4851a1d" />
    <TestEntry testId="dde6213b-d58c-0953-cafa-4ed0522a3abb" executionId="cc4476d6-4ce6-4bf2-8714-d5a3703f2104" testListId="8c84fa94-04c1-424b-9868-57a2d4851a1d" />
    <TestEntry testId="b4e857df-85b2-4114-29bf-27d712c7fbab" executionId="4e90d1e6-c922-4b16-8b89-061e13190378" testListId="8c84fa94-04c1-424b-9868-57a2d4851a1d" />
    <TestEntry testId="10b9da0b-2836-73bf-2c33-fb5ab8e36f51" executionId="58048d33-a056-4e50-8371-cf9670e69742" testListId="8c84fa94-04c1-424b-9868-57a2d4851a1d" />
    <TestEntry testId="454f146d-0b2c-e946-2548-d83ee0570b30" executionId="ab10e209-f6e4-4db9-a886-75f0c5bd360a" testListId="8c84fa94-04c1-424b-9868-57a2d4851a1d" />
    <TestEntry testId="0a62c33b-d707-a34d-0873-f15d83860288" executionId="e50e316e-c4a3-4e72-9ac2-d8d80134109b" testListId="8c84fa94-04c1-424b-9868-57a2d4851a1d" />
    <TestEntry testId="bd77b34a-dbad-01f7-bc43-5c8a00e16f21" executionId="6caa4269-22a5-46d2-a1d0-0a2cb62c04bc" testListId="8c84fa94-04c1-424b-9868-57a2d4851a1d" />
    <TestEntry testId="5e850f83-f4f0-a7f9-7a93-8fa6b16fe1d9" executionId="2a0accfa-0cbd-4f83-b0fa-437f2fa7ab3d" testListId="8c84fa94-04c1-424b-9868-57a2d4851a1d" />
    <TestEntry testId="2e2c1b98-5402-8d88-65ac-5fc4ef198425" executionId="8beb05c7-7a0a-4b0b-a461-ef6cd13489d5" testListId="8c84fa94-04c1-424b-9868-57a2d4851a1d" />
    <TestEntry testId="4db5b5be-b994-0729-7de9-62e613244d8a" executionId="47a8e99d-7958-48db-882d-ab97555e0529" testListId="8c84fa94-04c1-424b-9868-57a2d4851a1d" />
    <TestEntry testId="e3ab7f2d-36a9-f0e9-1eed-0ead3415f592" executionId="65513d81-946e-445c-8a48-a155bea4adf6" testListId="8c84fa94-04c1-424b-9868-57a2d4851a1d" />
    <TestEntry testId="a7d51773-1f26-9817-8b81-ed0dd4e2bbf5" executionId="219b9580-6c7d-4a18-952c-c8d39018e5eb" testListId="8c84fa94-04c1-424b-9868-57a2d4851a1d" />
  </TestEntries>
  <TestLists>
    <TestList name="Resultados sin formato de lista" id="8c84fa94-04c1-424b-9868-57a2d4851a1d" />
    <TestList name="Todos los resultados cargados" id="19431567-8539-422a-85d7-44ee4e166bda" />
  </TestLists>
  <ResultSummary outcome="Completed">
    <Counters total="20" executed="20" passed="20" failed="0" error="0" timeout="0" aborted="0" inconclusive="0" passedButRunAborted="0" notRunnable="0" notExecuted="0" disconnected="0" warning="0" completed="0" inProgress="0" pending="0" />
    <Output>
      <StdOut>[xUnit.net 00:00:00.00] xUnit.net VSTest Adapter v2.4.1 (32-bit .NET Core 3.1.1)&#xD;
[xUnit.net 00:00:02.43]   Discovering: EjemploPruebasUnitariasXUnit&#xD;
[xUnit.net 00:00:02.66]   Discovered:  EjemploPruebasUnitariasXUnit&#xD;
[xUnit.net 00:00:02.68]   Starting:    EjemploPruebasUnitariasXUnit&#xD;
[xUnit.net 00:00:03.69]   Finished:    EjemploPruebasUnitariasXUnit&#xD;
</StdOut>
    </Output>
  </ResultSummary>
</TestRun>